WAR-SEM-IMP-COERC-OF-NUM
WAR-SEM-IMP-COERC-OF-EXP
ERR-SEM-FUNC-RET-TYPE-ERROR
ERR-SEM-FUNC-RET-TYPE-ERROR
WAR-SEM-IMP-COERC-OF-RET-VAL
ERR-SEM-FUNC-RET-TYPE-ERROR
WAR-SEM-FUNC-DECL-NOT-USED
WAR-SEM-VAR-DECL-NOT-INIT
WAR-SEM-VAR-DECL-NOT-INIT
WAR-SEM-VAR-DECL-NOT-INIT
WAR-SEM-VAR-DECL-NOT-USED
WAR-SEM-VAR-DECL-NOT-USED
WAR-SEM-VAR-DECL-NOT-USED
WAR-SEM-VAR-DECL-NOT-USED
WAR-SEM-VAR-DECL-NOT-USED
WAR-SEM-VAR-DECL-NOT-USED
WAR-SEM-VAR-DECL-NOT-USED
WAR-SEM-VAR-DECL-NOT-USED
WAR-SEM-VAR-DECL-NOT-USED
