ERR-SEM-FUNC-RET-TYPE-ERROR
WAR-SEM-VAR-DECL-NOT-INIT
