ERR-SYN-SE
WAR-SYN-GEN-SYNTAX-TREE
WAR-SYN-ANA-SUCCESS
WAR-SYN-OUTPUT-FILE
